// Jest Snapshot v1, https://goo.gl/fbAQLP

exports[`write addresses json: pretty = false 1`] = `"[{"postalCode":"0600000","regionId":1,"region":"北海道","locality":"札幌市中央区","address1":"","address2":"","regionKana":"ホッカイドウ","localityKana":"サッポロシチュウオウク","address1Kana":"","address2Kana":""}]"`;

exports[`write addresses json: pretty = false 2`] = `"[{"postalCode":"0360223","regionId":2,"region":"青森県","locality":"平川市","address1":"西野曽江川崎","address2":"","regionKana":"アオモリケン","localityKana":"ヒラカワシ","address1Kana":"ニシノゾエカワサキ","address2Kana":""},{"postalCode":"0360223","regionId":2,"region":"青森県","locality":"平川市","address1":"西野曽江橋元","address2":"","regionKana":"アオモリケン","localityKana":"ヒラカワシ","address1Kana":"ニシノゾエハシモト","address2Kana":""},{"postalCode":"0360223","regionId":2,"region":"青森県","locality":"平川市","address1":"西野曽江広田","address2":"","regionKana":"アオモリケン","localityKana":"ヒラカワシ","address1Kana":"ニシノゾエヒロタ","address2Kana":""}]"`;

exports[`write addresses json: pretty = true 1`] = `
"[
  {
    "postalCode": "0600000",
    "regionId": 1,
    "region": "北海道",
    "locality": "札幌市中央区",
    "address1": "",
    "address2": "",
    "regionKana": "ホッカイドウ",
    "localityKana": "サッポロシチュウオウク",
    "address1Kana": "",
    "address2Kana": ""
  }
]"
`;

exports[`write addresses json: pretty = true 2`] = `
"[
  {
    "postalCode": "0360223",
    "regionId": 2,
    "region": "青森県",
    "locality": "平川市",
    "address1": "西野曽江川崎",
    "address2": "",
    "regionKana": "アオモリケン",
    "localityKana": "ヒラカワシ",
    "address1Kana": "ニシノゾエカワサキ",
    "address2Kana": ""
  },
  {
    "postalCode": "0360223",
    "regionId": 2,
    "region": "青森県",
    "locality": "平川市",
    "address1": "西野曽江橋元",
    "address2": "",
    "regionKana": "アオモリケン",
    "localityKana": "ヒラカワシ",
    "address1Kana": "ニシノゾエハシモト",
    "address2Kana": ""
  },
  {
    "postalCode": "0360223",
    "regionId": 2,
    "region": "青森県",
    "locality": "平川市",
    "address1": "西野曽江広田",
    "address2": "",
    "regionKana": "アオモリケン",
    "localityKana": "ヒラカワシ",
    "address1Kana": "ニシノゾエヒロタ",
    "address2Kana": ""
  }
]"
`;
